Archive member included to satisfy reference by file (symbol)

/Applications/STM32CubeIDE.app/Contents/Eclipse/plugins/com.st.stm32cube.ide.mcu.externaltools.gnu-tools-for-stm32.13.3.rel1.macos64_1.0.0.202411102158/tools/bin/../lib/gcc/arm-none-eabi/13.3.1/../../../../arm-none-eabi/lib/thumb/v7e-m+fp/hard/libc_nano.a(libc_a-exit.o)
                              /Applications/STM32CubeIDE.app/Contents/Eclipse/plugins/com.st.stm32cube.ide.mcu.externaltools.gnu-tools-for-stm32.13.3.rel1.macos64_1.0.0.202411102158/tools/bin/../lib/gcc/arm-none-eabi/13.3.1/../../../../arm-none-eabi/lib/thumb/v7e-m+fp/hard/crt0.o (exit)
/Applications/STM32CubeIDE.app/Contents/Eclipse/plugins/com.st.stm32cube.ide.mcu.externaltools.gnu-tools-for-stm32.13.3.rel1.macos64_1.0.0.202411102158/tools/bin/../lib/gcc/arm-none-eabi/13.3.1/../../../../arm-none-eabi/lib/thumb/v7e-m+fp/hard/libc_nano.a(libc_a-findfp.o)
                              /Applications/STM32CubeIDE.app/Contents/Eclipse/plugins/com.st.stm32cube.ide.mcu.externaltools.gnu-tools-for-stm32.13.3.rel1.macos64_1.0.0.202411102158/tools/bin/../lib/gcc/arm-none-eabi/13.3.1/../../../../arm-none-eabi/lib/thumb/v7e-m+fp/hard/libc_nano.a(libc_a-exit.o) (__stdio_exit_handler)
/Applications/STM32CubeIDE.app/Contents/Eclipse/plugins/com.st.stm32cube.ide.mcu.externaltools.gnu-tools-for-stm32.13.3.rel1.macos64_1.0.0.202411102158/tools/bin/../lib/gcc/arm-none-eabi/13.3.1/../../../../arm-none-eabi/lib/thumb/v7e-m+fp/hard/libc_nano.a(libc_a-fwalk.o)
                              /Applications/STM32CubeIDE.app/Contents/Eclipse/plugins/com.st.stm32cube.ide.mcu.externaltools.gnu-tools-for-stm32.13.3.rel1.macos64_1.0.0.202411102158/tools/bin/../lib/gcc/arm-none-eabi/13.3.1/../../../../arm-none-eabi/lib/thumb/v7e-m+fp/hard/libc_nano.a(libc_a-findfp.o) (_fwalk_sglue)
/Applications/STM32CubeIDE.app/Contents/Eclipse/plugins/com.st.stm32cube.ide.mcu.externaltools.gnu-tools-for-stm32.13.3.rel1.macos64_1.0.0.202411102158/tools/bin/../lib/gcc/arm-none-eabi/13.3.1/../../../../arm-none-eabi/lib/thumb/v7e-m+fp/hard/libc_nano.a(libc_a-memset.o)
                              /Applications/STM32CubeIDE.app/Contents/Eclipse/plugins/com.st.stm32cube.ide.mcu.externaltools.gnu-tools-for-stm32.13.3.rel1.macos64_1.0.0.202411102158/tools/bin/../lib/gcc/arm-none-eabi/13.3.1/../../../../arm-none-eabi/lib/thumb/v7e-m+fp/hard/crt0.o (memset)
/Applications/STM32CubeIDE.app/Contents/Eclipse/plugins/com.st.stm32cube.ide.mcu.externaltools.gnu-tools-for-stm32.13.3.rel1.macos64_1.0.0.202411102158/tools/bin/../lib/gcc/arm-none-eabi/13.3.1/../../../../arm-none-eabi/lib/thumb/v7e-m+fp/hard/libc_nano.a(libc_a-errno.o)
                              ./Core/Src/syscalls.o (__errno)
/Applications/STM32CubeIDE.app/Contents/Eclipse/plugins/com.st.stm32cube.ide.mcu.externaltools.gnu-tools-for-stm32.13.3.rel1.macos64_1.0.0.202411102158/tools/bin/../lib/gcc/arm-none-eabi/13.3.1/../../../../arm-none-eabi/lib/thumb/v7e-m+fp/hard/libc_nano.a(libc_a-init.o)
                              /Applications/STM32CubeIDE.app/Contents/Eclipse/plugins/com.st.stm32cube.ide.mcu.externaltools.gnu-tools-for-stm32.13.3.rel1.macos64_1.0.0.202411102158/tools/bin/../lib/gcc/arm-none-eabi/13.3.1/../../../../arm-none-eabi/lib/thumb/v7e-m+fp/hard/crt0.o (__libc_init_array)
/Applications/STM32CubeIDE.app/Contents/Eclipse/plugins/com.st.stm32cube.ide.mcu.externaltools.gnu-tools-for-stm32.13.3.rel1.macos64_1.0.0.202411102158/tools/bin/../lib/gcc/arm-none-eabi/13.3.1/../../../../arm-none-eabi/lib/thumb/v7e-m+fp/hard/libc_nano.a(libc_a-lock.o)
                              /Applications/STM32CubeIDE.app/Contents/Eclipse/plugins/com.st.stm32cube.ide.mcu.externaltools.gnu-tools-for-stm32.13.3.rel1.macos64_1.0.0.202411102158/tools/bin/../lib/gcc/arm-none-eabi/13.3.1/../../../../arm-none-eabi/lib/thumb/v7e-m+fp/hard/libc_nano.a(libc_a-findfp.o) (__retarget_lock_init_recursive)
/Applications/STM32CubeIDE.app/Contents/Eclipse/plugins/com.st.stm32cube.ide.mcu.externaltools.gnu-tools-for-stm32.13.3.rel1.macos64_1.0.0.202411102158/tools/bin/../lib/gcc/arm-none-eabi/13.3.1/../../../../arm-none-eabi/lib/thumb/v7e-m+fp/hard/libc_nano.a(libc_a-impure.o)
                              /Applications/STM32CubeIDE.app/Contents/Eclipse/plugins/com.st.stm32cube.ide.mcu.externaltools.gnu-tools-for-stm32.13.3.rel1.macos64_1.0.0.202411102158/tools/bin/../lib/gcc/arm-none-eabi/13.3.1/../../../../arm-none-eabi/lib/thumb/v7e-m+fp/hard/libc_nano.a(libc_a-errno.o) (_impure_ptr)
/Applications/STM32CubeIDE.app/Contents/Eclipse/plugins/com.st.stm32cube.ide.mcu.externaltools.gnu-tools-for-stm32.13.3.rel1.macos64_1.0.0.202411102158/tools/bin/../lib/gcc/arm-none-eabi/13.3.1/../../../../arm-none-eabi/lib/thumb/v7e-m+fp/hard/libc_nano.a(libc_a-mallocr.o)
[...]
Memory Configuration

Name             Origin             Length             Attributes
RAM              0x20000000         0x00010000         xrw
RAM2             0x10000000         0x00004000         xrw
FLASH            0x08000000         0x00040000         xr
*default*        0x00000000         0xffffffff

Linker script and memory map

LOAD /Applications/STM32CubeIDE.app/Contents/Eclipse/plugins/com.st.stm32cube.ide.mcu.externaltools.gnu-tools-for-stm32.13.3.rel1.macos64_1.0.0.202411102158/tools/bin/../lib/gcc/arm-none-eabi/13.3.1/thumb/v7e-m+fp/hard/crti.o
LOAD /Applications/STM32CubeIDE.app/Contents/Eclipse/plugins/com.st.stm32cube.ide.mcu.externaltools.gnu-tools-for-stm32.13.3.rel1.macos64_1.0.0.202411102158/tools/bin/../lib/gcc/arm-none-eabi/13.3.1/thumb/v7e-m+fp/hard/crtbegin.o
LOAD /Applications/STM32CubeIDE.app/Contents/Eclipse/plugins/com.st.stm32cube.ide.mcu.externaltools.gnu-tools-for-stm32.13.3.rel1.macos64_1.0.0.202411102158/tools/bin/../lib/gcc/arm-none-eabi/13.3.1/../../../../arm-none-eabi/lib/thumb/v7e-m+fp/hard/crt0.o
LOAD ./Core/Src/can.o
LOAD ./Core/Src/gpio.o
LOAD ./Core/Src/main.o
LOAD ./Core/Src/neo.o
LOAD ./Core/Src/spi.o
LOAD ./Core/Src/stm32l4xx_hal_msp.o
LOAD ./Core/Src/stm32l4xx_it.o
LOAD ./Core/Src/syscalls.o
LOAD ./Core/Src/sysmem.o
LOAD ./Core/Src/system_stm32l4xx.o
LOAD ./Core/Startup/startup_stm32l432kcux.o
LOAD ./Drivers/STM32L4xx_HAL_Driver/Src/stm32l4xx_hal.o
LOAD ./Drivers/STM32L4xx_HAL_Driver/Src/stm32l4xx_hal_can.o
LOAD ./Drivers/STM32L4xx_HAL_Driver/Src/stm32l4xx_hal_cortex.o
LOAD ./Drivers/STM32L4xx_HAL_Driver/Src/stm32l4xx_hal_dma.o
LOAD ./Drivers/STM32L4xx_HAL_Driver/Src/stm32l4xx_hal_dma_ex.o
LOAD ./Drivers/STM32L4xx_HAL_Driver/Src/stm32l4xx_hal_exti.o
LOAD ./Drivers/STM32L4xx_HAL_Driver/Src/stm32l4xx_hal_flash.o
LOAD ./Drivers/STM32L4xx_HAL_Driver/Src/stm32l4xx_hal_flash_ex.o
LOAD ./Drivers/STM32L4xx_HAL_Driver/Src/stm32l4xx_hal_flash_ramfunc.o
LOAD ./Drivers/STM32L4xx_HAL_Driver/Src/stm32l4xx_hal_gpio.o
LOAD ./Drivers/STM32L4xx_HAL_Driver/Src/stm32l4xx_hal_i2c.o
LOAD ./Drivers/STM32L4xx_HAL_Driver/Src/stm32l4xx_hal_i2c_ex.o
LOAD ./Drivers/STM32L4xx_HAL_Driver/Src/stm32l4xx_hal_pwr.o
LOAD ./Drivers/STM32L4xx_HAL_Driver/Src/stm32l4xx_hal_pwr_ex.o
LOAD ./Drivers/STM32L4xx_HAL_Driver/Src/stm32l4xx_hal_rcc.o
LOAD ./Drivers/STM32L4xx_HAL_Driver/Src/stm32l4xx_hal_rcc_ex.o
LOAD ./Drivers/STM32L4xx_HAL_Driver/Src/stm32l4xx_hal_spi.o
LOAD ./Drivers/STM32L4xx_HAL_Driver/Src/stm32l4xx_hal_spi_ex.o
START GROUP
LOAD /Applications/STM32CubeIDE.app/Contents/Eclipse/plugins/com.st.stm32cube.ide.mcu.externaltools.gnu-tools-for-stm32.13.3.rel1.macos64_1.0.0.202411102158/tools/bin/../lib/gcc/arm-none-eabi/13.3.1/../../../../arm-none-eabi/lib/thumb/v7e-m+fp/hard/libc_nano.a
LOAD /Applications/STM32CubeIDE.app/Contents/Eclipse/plugins/com.st.stm32cube.ide.mcu.externaltools.gnu-tools-for-stm32.13.3.rel1.macos64_1.0.0.202411102158/tools/bin/../lib/gcc/arm-none-eabi/13.3.1/../../../../arm-none-eabi/lib/thumb/v7e-m+fp/hard/libm.a
END GROUP
START GROUP
LOAD /Applications/STM32CubeIDE.app/Contents/Eclipse/plugins/com.st.stm32cube.ide.mcu.externaltools.gnu-tools-for-stm32.13.3.rel1.macos64_1.0.0.202411102158/tools/bin/../lib/gcc/arm-none-eabi/13.3.1/thumb/v7e-m+fp/hard/libgcc.a
LOAD /Applications/STM32CubeIDE.app/Contents/Eclipse/plugins/com.st.stm32cube.ide.mcu.externaltools.gnu-tools-for-stm32.13.3.rel1.macos64_1.0.0.202411102158/tools/bin/../lib/gcc/arm-none-eabi/13.3.1/../../../../arm-none-eabi/lib/thumb/v7e-m+fp/hard/libc_nano.a
END GROUP
START GROUP
LOAD /Applications/STM32CubeIDE.app/Contents/Eclipse/plugins/com.st.stm32cube.ide.mcu.externaltools.gnu-tools-for-stm32.13.3.rel1.macos64_1.0.0.202411102158/tools/bin/../lib/gcc/arm-none-eabi/13.3.1/thumb/v7e-m+fp/hard/libgcc.a
LOAD /Applications/STM32CubeIDE.app/Contents/Eclipse/plugins/com.st.stm32cube.ide.mcu.externaltools.gnu-tools-for-stm32.13.3.rel1.macos64_1.0.0.202411102158/tools/bin/../lib/gcc/arm-none-eabi/13.3.1/../../../../arm-none-eabi/lib/thumb/v7e-m+fp/hard/libc_nano.a
LOAD /Applications/STM32CubeIDE.app/Contents/Eclipse/plugins/com.st.stm32cube.ide.mcu.externaltools.gnu-tools-for-stm32.13.3.rel1.macos64_1.0.0.202411102158/tools/bin/../lib/gcc/arm-none-eabi/13.3.1/../../../../arm-none-eabi/lib/thumb/v7e-m+fp/hard/libnosys.a
END GROUP
START GROUP
LOAD /Applications/STM32CubeIDE.app/Contents/Eclipse/plugins/com.st.stm32cube.ide.mcu.externaltools.gnu-tools-for-stm32.13.3.rel1.macos64_1.0.0.202411102158/tools/bin/../lib/gcc/arm-none-eabi/13.3.1/thumb/v7e-m+fp/hard/libgcc.a
LOAD /Applications/STM32CubeIDE.app/Contents/Eclipse/plugins/com.st.stm32cube.ide.mcu.externaltools.gnu-tools-for-stm32.13.3.rel1.macos64_1.0.0.202411102158/tools/bin/../lib/gcc/arm-none-eabi/13.3.1/../../../../arm-none-eabi/lib/thumb/v7e-m+fp/hard/libc_nano.a
LOAD /Applications/STM32CubeIDE.app/Contents/Eclipse/plugins/com.st.stm32cube.ide.mcu.externaltools.gnu-tools-for-stm32.13.3.rel1.macos64_1.0.0.202411102158/tools/bin/../lib/gcc/arm-none-eabi/13.3.1/../../../../arm-none-eabi/lib/thumb/v7e-m+fp/hard/libnosys.a
END GROUP
LOAD /Applications/STM32CubeIDE.app/Contents/Eclipse/plugins/com.st.stm32cube.ide.mcu.externaltools.gnu-tools-for-stm32.13.3.rel1.macos64_1.0.0.202411102158/tools/bin/../lib/gcc/arm-none-eabi/13.3.1/thumb/v7e-m+fp/hard/crtend.o
LOAD /Applications/STM32CubeIDE.app/Contents/Eclipse/plugins/com.st.stm32cube.ide.mcu.externaltools.gnu-tools-for-stm32.13.3.rel1.macos64_1.0.0.202411102158/tools/bin/../lib/gcc/arm-none-eabi/13.3.1/thumb/v7e-m+fp/hard/crtn.o
                0x20010000                        _estack = (ORIGIN (RAM) + LENGTH (RAM))
                0x00000200                        _Min_Heap_Size = 0x200
                0x00000400                        _Min_Stack_Size = 0x400

.isr_vector     0x08000000      0x18c
                0x08000000                        . = ALIGN (0x4)
 *(.isr_vector)
 .isr_vector    0x08000000      0x18c ./Core/Startup/startup_stm32l432kcux.o
                0x08000000                g_pfnVectors
                0x0800018c                        . = ALIGN (0x4)

.text           0x08000190     0x30ac
                0x08000190                        . = ALIGN (0x4)
 *(.text)
 .text          0x08000190       0x40 /Applications/STM32CubeIDE.app/Contents/Eclipse/plugins/com.st.stm32cube.ide.mcu.externaltools.gnu-tools-for-stm32.13.3.rel1.macos64_1.0.0.202411102158/tools/bin/../lib/gcc/arm-none-eabi/13.3.1/thumb/v7e-m+fp/hard/crtbegin.o
 .text          0x080001d0      0x254 /Applications/STM32CubeIDE.app/Contents/Eclipse/plugins/com.st.stm32cube.ide.mcu.externaltools.gnu-tools-for-stm32.13.3.rel1.macos64_1.0.0.202411102158/tools/bin/../lib/gcc/arm-none-eabi/13.3.1/thumb/v7e-m+fp/hard/libgcc.a(_arm_muldf3.o)
                0x080001d0                __aeabi_dmul
                0x080001d0                __muldf3
 .text          0x08000424      0x378 /Applications/STM32CubeIDE.app/Contents/Eclipse/plugins/com.st.stm32cube.ide.mcu.externaltools.gnu-tools-for-stm32.13.3.rel1.macos64_1.0.0.202411102158/tools/bin/../lib/gcc/arm-none-eabi/13.3.1/thumb/v7e-m+fp/hard/libgcc.a(_arm_addsubdf3.o)
                0x08000424                __aeabi_drsub
                0x0800042c                __subdf3
                0x0800042c                __aeabi_dsub
                0x08000430                __aeabi_dadd
                0x08000430                __adddf3
                0x080006a8                __aeabi_ui2d
                0x080006a8                __floatunsidf
                0x080006c8                __floatsidf
                0x080006c8                __aeabi_i2d
                0x080006ec                __extendsfdf2
                0x080006ec                __aeabi_f2d
                0x08000730                __aeabi_ul2d
                0x08000730                __floatundidf
                0x08000740                __aeabi_l2d
                0x08000740                __floatdidf
 .text          0x0800079c       0xa0 /Applications/STM32CubeIDE.app/Contents/Eclipse/plugins/com.st.stm32cube.ide.mcu.externaltools.gnu-tools-for-stm32.13.3.rel1.macos64_1.0.0.202411102158/tools/bin/../lib/gcc/arm-none-eabi/13.3.1/thumb/v7e-m+fp/hard/libgcc.a(_arm_truncdfsf2.o)
                0x0800079c                __aeabi_d2f
                0x0800079c                __truncdfsf2
 *(.text*)
 .text.MX_CAN1_Init
                0x0800083c       0x6c ./Core/Src/can.o
                0x0800083c                MX_CAN1_Init
 .text.HAL_CAN_MspInit
                0x080008a8       0x88 ./Core/Src/can.o
                0x080008a8                HAL_CAN_MspInit
 .text.MX_GPIO_Init
                0x08000930       0x7c ./Core/Src/gpio.o
                0x08000930                MX_GPIO_Init
 .text.formNE_Vel_Frame
                0x080009ac       0x68 ./Core/Src/main.o
                0x080009ac                formNE_Vel_Frame
 .text.formDHeading_Frame
                0x08000a14       0x68 ./Core/Src/main.o
                0x08000a14                formDHeading_Frame
 .text.main     0x08000a7c      0x17c ./Core/Src/main.o
                0x08000a7c                main
 .text.SystemClock_Config
                0x08000bf8       0x8c ./Core/Src/main.o
                0x08000bf8                SystemClock_Config
 .text.Error_Handler
                0x08000c84        0xc ./Core/Src/main.o
                0x08000c84                Error_Handler
 .text.PVT_PARSE
                0x08000c90       0xf8 ./Core/Src/neo.o
                0x08000c90                PVT_PARSE
 .text.MX_SPI3_Init
                0x08000d88       0x7c ./Core/Src/spi.o
                0x08000d88                MX_SPI3_Init
 .text.HAL_SPI_MspInit
                0x08000e04       0x88 ./Core/Src/spi.o
                0x08000e04                HAL_SPI_MspInit
 .text.HAL_MspInit
                0x08000e8c       0x48 ./Core/Src/stm32l4xx_hal_msp.o
                0x08000e8c                HAL_MspInit
 .text.NMI_Handler
                0x08000ed4        0x8 ./Core/Src/stm32l4xx_it.o
                0x08000ed4                NMI_Handler
 .text.HardFault_Handler
                0x08000edc        0x8 ./Core/Src/stm32l4xx_it.o
                0x08000edc                HardFault_Handler
 .text.MemManage_Handler
                0x08000ee4        0x8 ./Core/Src/stm32l4xx_it.o
                0x08000ee4                MemManage_Handler
 .text.BusFault_Handler
                0x08000eec        0x8 ./Core/Src/stm32l4xx_it.o
                0x08000eec                BusFault_Handler
 .text.UsageFault_Handler
                0x08000ef4        0x8 ./Core/Src/stm32l4xx_it.o
                0x08000ef4                UsageFault_Handler
 .text.SVC_Handler
                0x08000efc        0xe ./Core/Src/stm32l4xx_it.o
                0x08000efc                SVC_Handler
 .text.DebugMon_Handler
                0x08000f0a        0xe ./Core/Src/stm32l4xx_it.o
                0x08000f0a                DebugMon_Handler
 .text.PendSV_Handler
                0x08000f18        0xe ./Core/Src/stm32l4xx_it.o
                0x08000f18                PendSV_Handler
 .text.SysTick_Handler
                0x08000f26        0xc ./Core/Src/stm32l4xx_it.o
                0x08000f26                SysTick_Handler
 *fill*         0x08000f32        0x2 
 .text.SystemInit
                0x08000f34       0x24 ./Core/Src/system_stm32l4xx.o
                0x08000f34                SystemInit
 .text.Reset_Handler
                0x08000f58       0x50 ./Core/Startup/startup_stm32l432kcux.o
                0x08000f58                Reset_Handler
 .text.Default_Handler
                0x08000fa8        0x2 ./Core/Startup/startup_stm32l432kcux.o
                0x08000fa8                TIM1_BRK_TIM15_IRQHandler
                0x08000fa8                EXTI2_IRQHandler
                0x08000fa8                TIM1_CC_IRQHandler
                0x08000fa8                TSC_IRQHandler
                0x08000fa8                TAMP_STAMP_IRQHandler
                0x08000fa8                EXTI3_IRQHandler
                0x08000fa8                LPTIM2_IRQHandler
                0x08000fa8                I2C3_ER_IRQHandler
                0x08000fa8                EXTI0_IRQHandler
                0x08000fa8                CAN1_RX0_IRQHandler
                0x08000fa8                FPU_IRQHandler
                0x08000fa8                TIM1_UP_TIM16_IRQHandler
                0x08000fa8                SPI1_IRQHandler
                0x08000fa8                TIM6_DAC_IRQHandler
                0x08000fa8                DMA2_Channel2_IRQHandler
                0x08000fa8                DMA1_Channel4_IRQHandler
                0x08000fa8                ADC1_IRQHandler
                0x08000fa8                DMA1_Channel7_IRQHandler
                0x08000fa8                CAN1_RX1_IRQHandler
                0x08000fa8                DMA2_Channel1_IRQHandler
                0x08000fa8                QUADSPI_IRQHandler
                0x08000fa8                I2C1_EV_IRQHandler
                0x08000fa8                DMA1_Channel6_IRQHandler
                0x08000fa8                DMA2_Channel4_IRQHandler
                0x08000fa8                RCC_IRQHandler
                0x08000fa8                TIM1_TRG_COM_IRQHandler
                0x08000fa8                DMA1_Channel1_IRQHandler
                0x08000fa8                Default_Handler
                0x08000fa8                DMA2_Channel7_IRQHandler
                0x08000fa8                EXTI15_10_IRQHandler
                0x08000fa8                TIM7_IRQHandler
                0x08000fa8                I2C3_EV_IRQHandler
                0x08000fa8                USB_IRQHandler
                0x08000fa8                EXTI9_5_IRQHandler
                0x08000fa8                RTC_WKUP_IRQHandler
                0x08000fa8                PVD_PVM_IRQHandler
                0x08000fa8                CAN1_TX_IRQHandler
                0x08000fa8                DMA2_Channel5_IRQHandler
                0x08000fa8                CRS_IRQHandler
                0x08000fa8                DMA1_Channel5_IRQHandler
                0x08000fa8                EXTI4_IRQHandler
                0x08000fa8                RNG_IRQHandler
                0x08000fa8                DMA1_Channel3_IRQHandler
                0x08000fa8                COMP_IRQHandler
                0x08000fa8                WWDG_IRQHandler
                0x08000fa8                LPUART1_IRQHandler
                0x08000fa8                DMA2_Channel6_IRQHandler
                0x08000fa8                TIM2_IRQHandler
                0x08000fa8                EXTI1_IRQHandler
                0x08000fa8                USART2_IRQHandler
                0x08000fa8                DMA1_Channel2_IRQHandler
                0x08000fa8                CAN1_SCE_IRQHandler
                0x08000fa8                FLASH_IRQHandler
                0x08000fa8                USART1_IRQHandler
                0x08000fa8                SPI3_IRQHandler
                0x08000fa8                I2C1_ER_IRQHandler
                0x08000fa8                SWPMI1_IRQHandler
                0x08000fa8                LPTIM1_IRQHandler
                0x08000fa8                SAI1_IRQHandler
                0x08000fa8                DMA2_Channel3_IRQHandler
                0x08000fa8                RTC_Alarm_IRQHandler
 .text.HAL_Init
                0x08000faa       0x30 ./Drivers/STM32L4xx_HAL_Driver/Src/stm32l4xx_hal.o
                0x08000faa                HAL_Init
 *fill*         0x08000fda        0x2 
 .text.HAL_InitTick
                0x08000fdc       0x78 ./Drivers/STM32L4xx_HAL_Driver/Src/stm32l4xx_hal.o
                0x08000fdc                HAL_InitTick
 .text.HAL_IncTick
                0x08001054       0x28 ./Drivers/STM32L4xx_HAL_Driver/Src/stm32l4xx_hal.o
                0x08001054                HAL_IncTick
 .text.HAL_GetTick
                0x0800107c       0x18 ./Drivers/STM32L4xx_HAL_Driver/Src/stm32l4xx_hal.o
                0x0800107c                HAL_GetTick
 .text.HAL_Delay
                0x08001094       0x48 ./Drivers/STM32L4xx_HAL_Driver/Src/stm32l4xx_hal.o
                0x08001094                HAL_Delay
 .text.HAL_CAN_Init
                0x080010dc      0x1f6 ./Drivers/STM32L4xx_HAL_Driver/Src/stm32l4xx_hal_can.o
                0x080010dc                HAL_CAN_Init
 .text.HAL_CAN_Start
                0x080012d2       0x88 ./Drivers/STM32L4xx_HAL_Driver/Src/stm32l4xx_hal_can.o
                0x080012d2                HAL_CAN_Start
 .text.HAL_CAN_AddTxMessage
                0x0800135a      0x1a0 ./Drivers/STM32L4xx_HAL_Driver/Src/stm32l4xx_hal_can.o
                0x0800135a                HAL_CAN_AddTxMessage
 *fill*         0x080014fa        0x2 
 .text.__NVIC_SetPriorityGrouping
                0x080014fc       0x48 ./Drivers/STM32L4xx_HAL_Driver/Src/stm32l4xx_hal_cortex.o
 .text.__NVIC_GetPriorityGrouping
                0x08001544       0x1c ./Drivers/STM32L4xx_HAL_Driver/Src/stm32l4xx_hal_cortex.o
 .text.__NVIC_SetPriority
                0x08001560       0x54 ./Drivers/STM32L4xx_HAL_Driver/Src/stm32l4xx_hal_cortex.o
 .text.NVIC_EncodePriority
                0x080015b4       0x66 ./Drivers/STM32L4xx_HAL_Driver/Src/stm32l4xx_hal_cortex.o
 *fill*         0x0800161a        0x2 
 .text.SysTick_Config
                0x0800161c       0x44 ./Drivers/STM32L4xx_HAL_Driver/Src/stm32l4xx_hal_cortex.o
 .text.HAL_NVIC_SetPriorityGrouping
                0x08001660       0x16 ./Drivers/STM32L4xx_HAL_Driver/Src/stm32l4xx_hal_cortex.o
                0x08001660                HAL_NVIC_SetPriorityGrouping
 .text.HAL_NVIC_SetPriority
                0x08001676       0x38 ./Drivers/STM32L4xx_HAL_Driver/Src/stm32l4xx_hal_cortex.o
                0x08001676                HAL_NVIC_SetPriority
 .text.HAL_SYSTICK_Config
                0x080016ae       0x18 ./Drivers/STM32L4xx_HAL_Driver/Src/stm32l4xx_hal_cortex.o
                0x080016ae                HAL_SYSTICK_Config
 *fill*         0x080016c6        0x2 
 .text.HAL_GPIO_Init
                0x080016c8      0x2d4 ./Drivers/STM32L4xx_HAL_Driver/Src/stm32l4xx_hal_gpio.o
                0x080016c8                HAL_GPIO_Init
 .text.HAL_GPIO_WritePin
                0x0800199c       0x30 ./Drivers/STM32L4xx_HAL_Driver/Src/stm32l4xx_hal_gpio.o
                0x0800199c                HAL_GPIO_WritePin
 .text.HAL_PWREx_GetVoltageRange
                0x080019cc       0x1c ./Drivers/STM32L4xx_HAL_Driver/Src/stm32l4xx_hal_pwr_ex.o
                0x080019cc                HAL_PWREx_GetVoltageRange
 .text.HAL_PWREx_ControlVoltageScaling
                0x080019e8       0xac ./Drivers/STM32L4xx_HAL_Driver/Src/stm32l4xx_hal_pwr_ex.o
                0x080019e8                HAL_PWREx_ControlVoltageScaling
 .text.HAL_RCC_OscConfig
                0x08001a94      0x828 ./Drivers/STM32L4xx_HAL_Driver/Src/stm32l4xx_hal_rcc.o
                0x08001a94                HAL_RCC_OscConfig
 .text.HAL_RCC_ClockConfig
                0x080022bc      0x200 ./Drivers/STM32L4xx_HAL_Driver/Src/stm32l4xx_hal_rcc.o
                0x080022bc                HAL_RCC_ClockConfig
 .text.HAL_RCC_GetSysClockFreq
                0x080024bc      0x118 ./Drivers/STM32L4xx_HAL_Driver/Src/stm32l4xx_hal_rcc.o
                0x080024bc                HAL_RCC_GetSysClockFreq
 .text.RCC_SetFlashLatencyFromMSIRange
                0x080025d4       0xc0 ./Drivers/STM32L4xx_HAL_Driver/Src/stm32l4xx_hal_rcc.o
 .text.HAL_SPI_Init
                0x08002694      0x146 ./Drivers/STM32L4xx_HAL_Driver/Src/stm32l4xx_hal_spi.o
                0x08002694                HAL_SPI_Init
 .text.HAL_SPI_Transmit
                0x080027da      0x2ec ./Drivers/STM32L4xx_HAL_Driver/Src/stm32l4xx_hal_spi.o
                0x080027da                HAL_SPI_Transmit
 .text.HAL_SPI_TransmitReceive
                0x08002ac6      0x43e ./Drivers/STM32L4xx_HAL_Driver/Src/stm32l4xx_hal_spi.o
                0x08002ac6                HAL_SPI_TransmitReceive
 .text.SPI_WaitFlagStateUntilTimeout
                0x08002f04      0x110 ./Drivers/STM32L4xx_HAL_Driver/Src/stm32l4xx_hal_spi.o
 .text.SPI_WaitFifoStateUntilTimeout
                0x08003014      0x12c ./Drivers/STM32L4xx_HAL_Driver/Src/stm32l4xx_hal_spi.o
 .text.SPI_EndRxTxTransaction
                0x08003140       0x8c ./Drivers/STM32L4xx_HAL_Driver/Src/stm32l4xx_hal_spi.o
 .text.memset   0x080031cc       0x10 /Applications/STM32CubeIDE.app/Contents/Eclipse/plugins/com.st.stm32cube.ide.mcu.externaltools.gnu-tools-for-stm32.13.3.rel1.macos64_1.0.0.202411102158/tools/bin/../lib/gcc/arm-none-eabi/13.3.1/../../../../arm-none-eabi/lib/thumb/v7e-m+fp/hard/libc_nano.a(libc_a-memset.o)
                0x080031cc                memset
 .text.__libc_init_array
                0x080031dc       0x48 /Applications/STM32CubeIDE.app/Contents/Eclipse/plugins/com.st.stm32cube.ide.mcu.externaltools.gnu-tools-for-stm32.13.3.rel1.macos64_1.0.0.202411102158/tools/bin/../lib/gcc/arm-none-eabi/13.3.1/../../../../arm-none-eabi/lib/thumb/v7e-m+fp/hard/libc_nano.a(libc_a-init.o)
                0x080031dc                __libc_init_array
 *(.glue_7)
 .glue_7        0x08003224        0x0 linker stubs
 *(.glue_7t)
 .glue_7t       0x08003224        0x0 linker stubs
 *(.eh_frame)
 .eh_frame      0x08003224        0x0 /Applications/STM32CubeIDE.app/Contents/Eclipse/plugins/com.st.stm32cube.ide.mcu.externaltools.gnu-tools-for-stm32.13.3.rel1.macos64_1.0.0.202411102158/tools/bin/../lib/gcc/arm-none-eabi/13.3.1/thumb/v7e-m+fp/hard/crtbegin.o
 *(.init)
 .init          0x08003224        0x4 /Applications/STM32CubeIDE.app/Contents/Eclipse/plugins/com.st.stm32cube.ide.mcu.externaltools.gnu-tools-for-stm32.13.3.rel1.macos64_1.0.0.202411102158/tools/bin/../lib/gcc/arm-none-eabi/13.3.1/thumb/v7e-m+fp/hard/crti.o
                0x08003224                _init
 .init          0x08003228        0x8 /Applications/STM32CubeIDE.app/Contents/Eclipse/plugins/com.st.stm32cube.ide.mcu.externaltools.gnu-tools-for-stm32.13.3.rel1.macos64_1.0.0.202411102158/tools/bin/../lib/gcc/arm-none-eabi/13.3.1/thumb/v7e-m+fp/hard/crtn.o
 *(.fini)
 .fini          0x08003230        0x4 /Applications/STM32CubeIDE.app/Contents/Eclipse/plugins/com.st.stm32cube.ide.mcu.externaltools.gnu-tools-for-stm32.13.3.rel1.macos64_1.0.0.202411102158/tools/bin/../lib/gcc/arm-none-eabi/13.3.1/thumb/v7e-m+fp/hard/crti.o
                0x08003230                _fini
 .fini          0x08003234        0x8 /Applications/STM32CubeIDE.app/Contents/Eclipse/plugins/com.st.stm32cube.ide.mcu.externaltools.gnu-tools-for-stm32.13.3.rel1.macos64_1.0.0.202411102158/tools/bin/../lib/gcc/arm-none-eabi/13.3.1/thumb/v7e-m+fp/hard/crtn.o
                0x0800323c                        . = ALIGN (0x4)
                0x0800323c                        _etext = .

.vfp11_veneer   0x0800323c        0x0
 .vfp11_veneer  0x0800323c        0x0 linker stubs

.v4_bx          0x0800323c        0x0
 .v4_bx         0x0800323c        0x0 linker stubs

.iplt           0x0800323c        0x0
 .iplt          0x0800323c        0x0 /Applications/STM32CubeIDE.app/Contents/Eclipse/plugins/com.st.stm32cube.ide.mcu.externaltools.gnu-tools-for-stm32.13.3.rel1.macos64_1.0.0.202411102158/tools/bin/../lib/gcc/arm-none-eabi/13.3.1/thumb/v7e-m+fp/hard/crtbegin.o

.rodata         0x0800323c       0x40
                0x0800323c                        . = ALIGN (0x4)
 *(.rodata)
 *(.rodata*)
 .rodata.AHBPrescTable
                0x0800323c       0x10 ./Core/Src/system_stm32l4xx.o
                0x0800323c                AHBPrescTable
 .rodata.MSIRangeTable
                0x0800324c       0x30 ./Core/Src/system_stm32l4xx.o
                0x0800324c                MSIRangeTable
                0x0800327c                        . = ALIGN (0x4)

.ARM.extab      0x0800327c        0x0
                0x0800327c                        . = ALIGN (0x4)
 *(.ARM.extab* .gnu.linkonce.armextab.*)
                0x0800327c                        . = ALIGN (0x4)

.ARM            0x0800327c        0x0
                0x0800327c                        . = ALIGN (0x4)
                0x0800327c                        __exidx_start = .
 *(.ARM.exidx*)
                0x0800327c                        __exidx_end = .
                0x0800327c                        . = ALIGN (0x4)

.preinit_array  0x0800327c        0x0
                0x0800327c                        . = ALIGN (0x4)
                0x0800327c                        PROVIDE (__preinit_array_start = .)
 *(.preinit_array*)
                0x0800327c                        PROVIDE (__preinit_array_end = .)
                0x0800327c                        . = ALIGN (0x4)

.init_array     0x0800327c        0x4
                0x0800327c                        . = ALIGN (0x4)
                0x0800327c                        PROVIDE (__init_array_start = .)
 *(SORT_BY_NAME(.init_array.*))
 *(.init_array*)
 .init_array    0x0800327c        0x4 /Applications/STM32CubeIDE.app/Contents/Eclipse/plugins/com.st.stm32cube.ide.mcu.externaltools.gnu-tools-for-stm32.13.3.rel1.macos64_1.0.0.202411102158/tools/bin/../lib/gcc/arm-none-eabi/13.3.1/thumb/v7e-m+fp/hard/crtbegin.o
                0x08003280                        PROVIDE (__init_array_end = .)
                0x08003280                        . = ALIGN (0x4)

.fini_array     0x08003280        0x4
                0x08003280                        . = ALIGN (0x4)
                [!provide]                        PROVIDE (__fini_array_start = .)
 *(SORT_BY_NAME(.fini_array.*))
 *(.fini_array*)
 .fini_array    0x08003280        0x4 /Applications/STM32CubeIDE.app/Contents/Eclipse/plugins/com.st.stm32cube.ide.mcu.externaltools.gnu-tools-for-stm32.13.3.rel1.macos64_1.0.0.202411102158/tools/bin/../lib/gcc/arm-none-eabi/13.3.1/thumb/v7e-m+fp/hard/crtbegin.o
                [!provide]                        PROVIDE (__fini_array_end = .)
                0x08003284                        . = ALIGN (0x4)
                0x08003284                        _sidata = LOADADDR (.data)

.rel.dyn        0x08003284        0x0
 .rel.iplt      0x08003284        0x0 /Applications/STM32CubeIDE.app/Contents/Eclipse/plugins/com.st.stm32cube.ide.mcu.externaltools.gnu-tools-for-stm32.13.3.rel1.macos64_1.0.0.202411102158/tools/bin/../lib/gcc/arm-none-eabi/13.3.1/thumb/v7e-m+fp/hard/crtbegin.o

.data           0x20000000       0x18 load address 0x08003284
                0x20000000                        . = ALIGN (0x4)
                0x20000000                        _sdata = .
 *(.data)
 *(.data*)
 .data.pollPVT  0x20000000        0x8 ./Core/Src/main.o
                0x20000000                pollPVT
 .data.len      0x20000008        0x2 ./Core/Src/main.o
                0x20000008                len
 .data.dummyLen
                0x2000000a        0x2 ./Core/Src/main.o
                0x2000000a                dummyLen
 .data.SystemCoreClock
                0x2000000c        0x4 ./Core/Src/system_stm32l4xx.o
                0x2000000c                SystemCoreClock
 .data.uwTickPrio
                0x20000010        0x4 ./Drivers/STM32L4xx_HAL_Driver/Src/stm32l4xx_hal.o
                0x20000010                uwTickPrio
 .data.uwTickFreq
                0x20000014        0x1 ./Drivers/STM32L4xx_HAL_Driver/Src/stm32l4xx_hal.o
                0x20000014                uwTickFreq
 *(.RamFunc)
 *(.RamFunc*)
                0x20000018                        . = ALIGN (0x4)
 *fill*         0x20000015        0x3 
                0x20000018                        _edata = .

.igot.plt       0x20000018        0x0 load address 0x0800329c
 .igot.plt      0x20000018        0x0 /Applications/STM32CubeIDE.app/Contents/Eclipse/plugins/com.st.stm32cube.ide.mcu.externaltools.gnu-tools-for-stm32.13.3.rel1.macos64_1.0.0.202411102158/tools/bin/../lib/gcc/arm-none-eabi/13.3.1/thumb/v7e-m+fp/hard/crtbegin.o
                0x20000018                        . = ALIGN (0x4)

.bss            0x20000018      0x99c load address 0x0800329c
                0x20000018                        _sbss = .
                0x20000018                        __bss_start__ = _sbss
 *(.bss)
 .bss           0x20000018       0x1c /Applications/STM32CubeIDE.app/Contents/Eclipse/plugins/com.st.stm32cube.ide.mcu.externaltools.gnu-tools-for-stm32.13.3.rel1.macos64_1.0.0.202411102158/tools/bin/../lib/gcc/arm-none-eabi/13.3.1/thumb/v7e-m+fp/hard/crtbegin.o
 *(.bss*)
 .bss.hcan1     0x20000034       0x28 ./Core/Src/can.o
                0x20000034                hcan1
 .bss.txData    0x2000005c       0x64 ./Core/Src/main.o
                0x2000005c                txData
 .bss.rxData    0x200000c0       0x64 ./Core/Src/main.o
                0x200000c0                rxData
 .bss.dummyTx   0x20000124      0x3e8 ./Core/Src/main.o
                0x20000124                dummyTx
 .bss.dummyRx   0x2000050c      0x3e8 ./Core/Src/main.o
                0x2000050c                dummyRx
 .bss.coords    0x200008f4        0x8 ./Core/Src/main.o
                0x200008f4                coords
 .bss.status    0x200008fc        0x4 ./Core/Src/main.o
                0x200008fc                status
 .bss.NE_Vel_CTXHeader
                0x20000900       0x18 ./Core/Src/main.o
                0x20000900                NE_Vel_CTXHeader
 .bss.NE_Vel_Status
                0x20000918        0x1 ./Core/Src/main.o
                0x20000918                NE_Vel_Status
 *fill*         0x20000919        0x3 
 .bss.DHeading_CTXHeader
                0x2000091c       0x18 ./Core/Src/main.o
                0x2000091c                DHeading_CTXHeader
 .bss.DHeading_Status
                0x20000934        0x1 ./Core/Src/main.o
                0x20000934                DHeading_Status
 *fill*         0x20000935        0x3 
 .bss.NE_Vel_Tx
                0x20000938        0x8 ./Core/Src/main.o
                0x20000938                NE_Vel_Tx
 .bss.DHeading_Tx
                0x20000940        0x8 ./Core/Src/main.o
                0x20000940                DHeading_Tx
 .bss.mailbox   0x20000948        0x4 ./Core/Src/main.o
                0x20000948                mailbox
 .bss.hspi3     0x2000094c       0x64 ./Core/Src/spi.o
                0x2000094c                hspi3
 .bss.uwTick    0x200009b0        0x4 ./Drivers/STM32L4xx_HAL_Driver/Src/stm32l4xx_hal.o
                0x200009b0                uwTick
 *(COMMON)
                0x200009b4                        . = ALIGN (0x4)
                0x200009b4                        _ebss = .
                0x200009b4                        __bss_end__ = _ebss

._user_heap_stack
                0x200009b4      0x604 load address 0x0800329c
                0x200009b8                        . = ALIGN (0x8)
 *fill*         0x200009b4        0x4 
                [!provide]                        PROVIDE (end = .)
                0x200009b8                        PROVIDE (_end = .)
                0x20000bb8                        . = (. + _Min_Heap_Size)
 *fill*         0x200009b8      0x200 
                0x20000fb8                        . = (. + _Min_Stack_Size)
 *fill*         0x20000bb8      0x400 
                0x20000fb8                        . = ALIGN (0x8)

/DISCARD/
 libc.a(*)
 libm.a(*)
 libgcc.a(*)

.ARM.attributes
                0x00000000       0x30
 *(.ARM.attributes)
 .ARM.attributes
                0x00000000       0x22 /Applications/STM32CubeIDE.app/Contents/Eclipse/plugins/com.st.stm32cube.ide.mcu.externaltools.gnu-tools-for-stm32.13.3.rel1.macos64_1.0.0.202411102158/tools/bin/../lib/gcc/arm-none-eabi/13.3.1/thumb/v7e-m+fp/hard/crti.o
 .ARM.attributes
                0x00000022       0x34 /Applications/STM32CubeIDE.app/Contents/Eclipse/plugins/com.st.stm32cube.ide.mcu.externaltools.gnu-tools-for-stm32.13.3.rel1.macos64_1.0.0.202411102158/tools/bin/../lib/gcc/arm-none-eabi/13.3.1/thumb/v7e-m+fp/hard/crtbegin.o
 .ARM.attributes
                0x00000056       0x34 ./Core/Src/can.o
 .ARM.attributes
                0x0000008a       0x34 ./Core/Src/gpio.o
 .ARM.attributes
                0x000000be       0x34 ./Core/Src/main.o
 .ARM.attributes
                0x000000f2       0x34 ./Core/Src/neo.o
 .ARM.attributes
                0x00000126       0x34 ./Core/Src/spi.o
 .ARM.attributes
                0x0000015a       0x34 ./Core/Src/stm32l4xx_hal_msp.o
 .ARM.attributes
                0x0000018e       0x34 ./Core/Src/stm32l4xx_it.o
 .ARM.attributes
                0x000001c2       0x34 ./Core/Src/system_stm32l4xx.o
 .ARM.attributes
                0x000001f6       0x21 ./Core/Startup/startup_stm32l432kcux.o
 .ARM.attributes
                0x00000217       0x34 ./Drivers/STM32L4xx_HAL_Driver/Src/stm32l4xx_hal.o
 .ARM.attributes
                0x0000024b       0x34 ./Drivers/STM32L4xx_HAL_Driver/Src/stm32l4xx_hal_can.o
 .ARM.attributes
                0x0000027f       0x34 ./Drivers/STM32L4xx_HAL_Driver/Src/stm32l4xx_hal_cortex.o
 .ARM.attributes
                0x000002b3       0x34 ./Drivers/STM32L4xx_HAL_Driver/Src/stm32l4xx_hal_gpio.o
 .ARM.attributes
                0x000002e7       0x34 ./Drivers/STM32L4xx_HAL_Driver/Src/stm32l4xx_hal_pwr_ex.o
 .ARM.attributes
                0x0000031b       0x34 ./Drivers/STM32L4xx_HAL_Driver/Src/stm32l4xx_hal_rcc.o
 .ARM.attributes
                0x0000034f       0x34 ./Drivers/STM32L4xx_HAL_Driver/Src/stm32l4xx_hal_spi.o
 .ARM.attributes
                0x00000383       0x34 /Applications/STM32CubeIDE.app/Contents/Eclipse/plugins/com.st.stm32cube.ide.mcu.externaltools.gnu-tools-for-stm32.13.3.rel1.macos64_1.0.0.202411102158/tools/bin/../lib/gcc/arm-none-eabi/13.3.1/../../../../arm-none-eabi/lib/thumb/v7e-m+fp/hard/libc_nano.a(libc_a-memset.o)
 .ARM.attributes
                0x000003b7       0x34 /Applications/STM32CubeIDE.app/Contents/Eclipse/plugins/com.st.stm32cube.ide.mcu.externaltools.gnu-tools-for-stm32.13.3.rel1.macos64_1.0.0.202411102158/tools/bin/../lib/gcc/arm-none-eabi/13.3.1/../../../../arm-none-eabi/lib/thumb/v7e-m+fp/hard/libc_nano.a(libc_a-init.o)
 .ARM.attributes
                0x000003eb       0x22 /Applications/STM32CubeIDE.app/Contents/Eclipse/plugins/com.st.stm32cube.ide.mcu.externaltools.gnu-tools-for-stm32.13.3.rel1.macos64_1.0.0.202411102158/tools/bin/../lib/gcc/arm-none-eabi/13.3.1/thumb/v7e-m+fp/hard/libgcc.a(_arm_muldf3.o)
 .ARM.attributes
                0x0000040d       0x22 /Applications/STM32CubeIDE.app/Contents/Eclipse/plugins/com.st.stm32cube.ide.mcu.externaltools.gnu-tools-for-stm32.13.3.rel1.macos64_1.0.0.202411102158/tools/bin/../lib/gcc/arm-none-eabi/13.3.1/thumb/v7e-m+fp/hard/libgcc.a(_arm_addsubdf3.o)
 .ARM.attributes
                0x0000042f       0x22 /Applications/STM32CubeIDE.app/Contents/Eclipse/plugins/com.st.stm32cube.ide.mcu.externaltools.gnu-tools-for-stm32.13.3.rel1.macos64_1.0.0.202411102158/tools/bin/../lib/gcc/arm-none-eabi/13.3.1/thumb/v7e-m+fp/hard/libgcc.a(_arm_truncdfsf2.o)
 .ARM.attributes
                0x00000451       0x22 /Applications/STM32CubeIDE.app/Contents/Eclipse/plugins/com.st.stm32cube.ide.mcu.externaltools.gnu-tools-for-stm32.13.3.rel1.macos64_1.0.0.202411102158/tools/bin/../lib/gcc/arm-none-eabi/13.3.1/thumb/v7e-m+fp/hard/crtn.o
OUTPUT(GPS.elf elf32-littlearm)
LOAD linker stubs
LOAD /Applications/STM32CubeIDE.app/Contents/Eclipse/plugins/com.st.stm32cube.ide.mcu.externaltools.gnu-tools-for-stm32.13.3.rel1.macos64_1.0.0.202411102158/tools/bin/../lib/gcc/arm-none-eabi/13.3.1/../../../../arm-none-eabi/lib/thumb/v7e-m+fp/hard/libc.a
LOAD /Applications/STM32CubeIDE.app/Contents/Eclipse/plugins/com.st.stm32cube.ide.mcu.externaltools.gnu-tools-for-stm32.13.3.rel1.macos64_1.0.0.202411102158/tools/bin/../lib/gcc/arm-none-eabi/13.3.1/../../../../arm-none-eabi/lib/thumb/v7e-m+fp/hard/libm.a
LOAD /Applications/STM32CubeIDE.app/Contents/Eclipse/plugins/com.st.stm32cube.ide.mcu.externaltools.gnu-tools-for-stm32.13.3.rel1.macos64_1.0.0.202411102158/tools/bin/../lib/gcc/arm-none-eabi/13.3.1/thumb/v7e-m+fp/hard/libgcc.a

.debug_info     0x00000000     0x88dc
 .debug_info    0x00000000      0x88f ./Core/Src/can.o
 .debug_info    0x0000088f      0x43b ./Core/Src/gpio.o
 .debug_info    0x00000cca      0xf82 ./Core/Src/main.o
 .debug_info    0x00001c4c      0x1d4 ./Core/Src/neo.o
 .debug_info    0x00001e20      0x985 ./Core/Src/spi.o
 .debug_info    0x000027a5      0x2c5 ./Core/Src/stm32l4xx_hal_msp.o
 .debug_info    0x00002a6a      0x113 ./Core/Src/stm32l4xx_it.o
 .debug_info    0x00002b7d      0x5bf ./Core/Src/system_stm32l4xx.o
 .debug_info    0x0000313c       0x30 ./Core/Startup/startup_stm32l432kcux.o
 .debug_info    0x0000316c      0x99e ./Drivers/STM32L4xx_HAL_Driver/Src/stm32l4xx_hal.o
 .debug_info    0x00003b0a      0xf4c ./Drivers/STM32L4xx_HAL_Driver/Src/stm32l4xx_hal_can.o
 .debug_info    0x00004a56      0xd03 ./Drivers/STM32L4xx_HAL_Driver/Src/stm32l4xx_hal_cortex.o
 .debug_info    0x00005759      0x757 ./Drivers/STM32L4xx_HAL_Driver/Src/stm32l4xx_hal_gpio.o
 .debug_info    0x00005eb0      0x920 ./Drivers/STM32L4xx_HAL_Driver/Src/stm32l4xx_hal_pwr_ex.o
 .debug_info    0x000067d0      0xbc3 ./Drivers/STM32L4xx_HAL_Driver/Src/stm32l4xx_hal_rcc.o
 .debug_info    0x00007393     0x1549 ./Drivers/STM32L4xx_HAL_Driver/Src/stm32l4xx_hal_spi.o

.debug_abbrev   0x00000000     0x1b9f
 .debug_abbrev  0x00000000      0x202 ./Core/Src/can.o
 .debug_abbrev  0x00000202      0x152 ./Core/Src/gpio.o
 .debug_abbrev  0x00000354      0x2ab ./Core/Src/main.o
 .debug_abbrev  0x000005ff       0xcb ./Core/Src/neo.o
 .debug_abbrev  0x000006ca      0x1fa ./Core/Src/spi.o
 .debug_abbrev  0x000008c4       0xc6 ./Core/Src/stm32l4xx_hal_msp.o
 .debug_abbrev  0x0000098a       0x73 ./Core/Src/stm32l4xx_it.o
 .debug_abbrev  0x000009fd      0x11a ./Core/Src/system_stm32l4xx.o
 .debug_abbrev  0x00000b17       0x24 ./Core/Startup/startup_stm32l432kcux.o
 .debug_abbrev  0x00000b3b      0x225 ./Drivers/STM32L4xx_HAL_Driver/Src/stm32l4xx_hal.o
 .debug_abbrev  0x00000d60      0x234 ./Drivers/STM32L4xx_HAL_Driver/Src/stm32l4xx_hal_can.o
 .debug_abbrev  0x00000f94      0x31c ./Drivers/STM32L4xx_HAL_Driver/Src/stm32l4xx_hal_cortex.o
 .debug_abbrev  0x000012b0      0x1cb ./Drivers/STM32L4xx_HAL_Driver/Src/stm32l4xx_hal_gpio.o
 .debug_abbrev  0x0000147b      0x1f9 ./Drivers/STM32L4xx_HAL_Driver/Src/stm32l4xx_hal_pwr_ex.o
 .debug_abbrev  0x00001674      0x2cb ./Drivers/STM32L4xx_HAL_Driver/Src/stm32l4xx_hal_rcc.o
 .debug_abbrev  0x0000193f      0x260 ./Drivers/STM32L4xx_HAL_Driver/Src/stm32l4xx_hal_spi.o

.debug_aranges  0x00000000      0x908
 .debug_aranges
                0x00000000       0x30 ./Core/Src/can.o
 .debug_aranges
                0x00000030       0x20 ./Core/Src/gpio.o
 .debug_aranges
                0x00000050       0x40 ./Core/Src/main.o
 .debug_aranges
                0x00000090       0x28 ./Core/Src/neo.o
 .debug_aranges
                0x000000b8       0x30 ./Core/Src/spi.o
 .debug_aranges
                0x000000e8       0x20 ./Core/Src/stm32l4xx_hal_msp.o
 .debug_aranges
                0x00000108       0x60 ./Core/Src/stm32l4xx_it.o
 .debug_aranges
                0x00000168       0x28 ./Core/Src/system_stm32l4xx.o
 .debug_aranges
                0x00000190       0x28 ./Core/Startup/startup_stm32l432kcux.o
 .debug_aranges
                0x000001b8      0x108 ./Drivers/STM32L4xx_HAL_Driver/Src/stm32l4xx_hal.o
 .debug_aranges
                0x000002c0      0x138 ./Drivers/STM32L4xx_HAL_Driver/Src/stm32l4xx_hal_can.o
 .debug_aranges
                0x000003f8      0x128 ./Drivers/STM32L4xx_HAL_Driver/Src/stm32l4xx_hal_cortex.o
 .debug_aranges
                0x00000520       0x58 ./Drivers/STM32L4xx_HAL_Driver/Src/stm32l4xx_hal_gpio.o
 .debug_aranges
                0x00000578      0x128 ./Drivers/STM32L4xx_HAL_Driver/Src/stm32l4xx_hal_pwr_ex.o
 .debug_aranges
                0x000006a0       0x90 ./Drivers/STM32L4xx_HAL_Driver/Src/stm32l4xx_hal_rcc.o
 .debug_aranges
                0x00000730      0x1d8 ./Drivers/STM32L4xx_HAL_Driver/Src/stm32l4xx_hal_spi.o

.debug_rnglists
                0x00000000      0x6b0
 .debug_rnglists
                0x00000000       0x20 ./Core/Src/can.o
 .debug_rnglists
                0x00000020       0x13 ./Core/Src/gpio.o
 .debug_rnglists
                0x00000033       0x2d ./Core/Src/main.o
 .debug_rnglists
                0x00000060       0x1b ./Core/Src/neo.o
 .debug_rnglists
                0x0000007b       0x20 ./Core/Src/spi.o
 .debug_rnglists
                0x0000009b       0x13 ./Core/Src/stm32l4xx_hal_msp.o
 .debug_rnglists
                0x000000ae       0x43 ./Core/Src/stm32l4xx_it.o
 .debug_rnglists
                0x000000f1       0x1a ./Core/Src/system_stm32l4xx.o
 .debug_rnglists
                0x0000010b       0x19 ./Core/Startup/startup_stm32l432kcux.o
 .debug_rnglists
                0x00000124       0xc1 ./Drivers/STM32L4xx_HAL_Driver/Src/stm32l4xx_hal.o
 .debug_rnglists
                0x000001e5       0xee ./Drivers/STM32L4xx_HAL_Driver/Src/stm32l4xx_hal_can.o
 .debug_rnglists
                0x000002d3       0xda ./Drivers/STM32L4xx_HAL_Driver/Src/stm32l4xx_hal_cortex.o
 .debug_rnglists
                0x000003ad       0x3f ./Drivers/STM32L4xx_HAL_Driver/Src/stm32l4xx_hal_gpio.o
 .debug_rnglists
                0x000003ec       0xdf ./Drivers/STM32L4xx_HAL_Driver/Src/stm32l4xx_hal_pwr_ex.o
 .debug_rnglists
                0x000004cb       0x6d ./Drivers/STM32L4xx_HAL_Driver/Src/stm32l4xx_hal_rcc.o
 .debug_rnglists
                0x00000538      0x178 ./Drivers/STM32L4xx_HAL_Driver/Src/stm32l4xx_hal_spi.o

.debug_macro    0x00000000    0x1fd9c
 .debug_macro   0x00000000      0x1cb ./Core/Src/can.o
 .debug_macro   0x000001cb      0xad8 ./Core/Src/can.o
 .debug_macro   0x00000ca3      0x1a7 ./Core/Src/can.o
 .debug_macro   0x00000e4a       0x2e ./Core/Src/can.o
 .debug_macro   0x00000e78       0x28 ./Core/Src/can.o
 .debug_macro   0x00000ea0       0x22 ./Core/Src/can.o
 .debug_macro   0x00000ec2       0x8e ./Core/Src/can.o
 .debug_macro   0x00000f50       0x51 ./Core/Src/can.o
 .debug_macro   0x00000fa1      0x103 ./Core/Src/can.o
 .debug_macro   0x000010a4       0x6a ./Core/Src/can.o
 .debug_macro   0x0000110e      0x1df ./Core/Src/can.o
 .debug_macro   0x000012ed       0x1c ./Core/Src/can.o
 .debug_macro   0x00001309       0x22 ./Core/Src/can.o
 .debug_macro   0x0000132b       0xfb ./Core/Src/can.o
 .debug_macro   0x00001426     0x1011 ./Core/Src/can.o
 .debug_macro   0x00002437      0x11f ./Core/Src/can.o
 .debug_macro   0x00002556    0x147a6 ./Core/Src/can.o
 .debug_macro   0x00016cfc       0x6d ./Core/Src/can.o
 .debug_macro   0x00016d69     0x38fb ./Core/Src/can.o
 .debug_macro   0x0001a664      0x190 ./Core/Src/can.o
 .debug_macro   0x0001a7f4       0x5c ./Core/Src/can.o
 .debug_macro   0x0001a850     0x11ca ./Core/Src/can.o
 .debug_macro   0x0001ba1a      0x53c ./Core/Src/can.o
 .debug_macro   0x0001bf56      0x1b9 ./Core/Src/can.o
 .debug_macro   0x0001c10f      0x122 ./Core/Src/can.o
 .debug_macro   0x0001c231      0x26b ./Core/Src/can.o
 .debug_macro   0x0001c49c      0x23d ./Core/Src/can.o
 .debug_macro   0x0001c6d9      0x408 ./Core/Src/can.o
 .debug_macro   0x0001cae1      0x241 ./Core/Src/can.o
 .debug_macro   0x0001cd22      0x375 ./Core/Src/can.o
 .debug_macro   0x0001d097       0xd6 ./Core/Src/can.o
 .debug_macro   0x0001d16d      0x122 ./Core/Src/can.o
 .debug_macro   0x0001d28f      0x356 ./Core/Src/can.o
 .debug_macro   0x0001d5e5      0x2fe ./Core/Src/can.o
 .debug_macro   0x0001d8e3      0x220 ./Core/Src/can.o
 .debug_macro   0x0001db03      0x1cb ./Core/Src/gpio.o
 .debug_macro   0x0001dcce      0x2d5 ./Core/Src/main.o
 .debug_macro   0x0001dfa3       0x22 ./Core/Src/main.o
 .debug_macro   0x0001dfc5       0x10 ./Core/Src/main.o
 .debug_macro   0x0001dfd5       0x61 ./Core/Src/main.o
 .debug_macro   0x0001e036       0x2a ./Core/Src/main.o
 .debug_macro   0x0001e060       0x43 ./Core/Src/main.o
 .debug_macro   0x0001e0a3       0x34 ./Core/Src/main.o
 .debug_macro   0x0001e0d7      0x370 ./Core/Src/main.o
 .debug_macro   0x0001e447       0x16 ./Core/Src/main.o
 .debug_macro   0x0001e45d       0x4a ./Core/Src/main.o
 .debug_macro   0x0001e4a7       0x34 ./Core/Src/main.o
 .debug_macro   0x0001e4db       0x10 ./Core/Src/main.o
 .debug_macro   0x0001e4eb       0x58 ./Core/Src/main.o
 .debug_macro   0x0001e543       0x8e ./Core/Src/main.o
 .debug_macro   0x0001e5d1       0x1c ./Core/Src/main.o
 .debug_macro   0x0001e5ed      0x185 ./Core/Src/main.o
 .debug_macro   0x0001e772       0x10 ./Core/Src/main.o
 .debug_macro   0x0001e782       0x3c ./Core/Src/main.o
 .debug_macro   0x0001e7be       0x20 ./Core/Src/main.o
 .debug_macro   0x0001e7de      0x1e3 ./Core/Src/neo.o
 .debug_macro   0x0001e9c1      0x1cb ./Core/Src/spi.o
 .debug_macro   0x0001eb8c      0x1c1 ./Core/Src/stm32l4xx_hal_msp.o
 .debug_macro   0x0001ed4d      0x1cb ./Core/Src/stm32l4xx_it.o
 .debug_macro   0x0001ef18      0x1b7 ./Core/Src/system_stm32l4xx.o
 .debug_macro   0x0001f0cf      0x1ff ./Drivers/STM32L4xx_HAL_Driver/Src/stm32l4xx_hal.o
 .debug_macro   0x0001f2ce      0x1c6 ./Drivers/STM32L4xx_HAL_Driver/Src/stm32l4xx_hal_can.o
 .debug_macro   0x0001f494      0x1b7 ./Drivers/STM32L4xx_HAL_Driver/Src/stm32l4xx_hal_cortex.o
 .debug_macro   0x0001f64b      0x1be ./Drivers/STM32L4xx_HAL_Driver/Src/stm32l4xx_hal_gpio.o
 .debug_macro   0x0001f809      0x1db ./Drivers/STM32L4xx_HAL_Driver/Src/stm32l4xx_hal_pwr_ex.o
 .debug_macro   0x0001f9e4      0x1f9 ./Drivers/STM32L4xx_HAL_Driver/Src/stm32l4xx_hal_rcc.o
 .debug_macro   0x0001fbdd      0x1bf ./Drivers/STM32L4xx_HAL_Driver/Src/stm32l4xx_hal_spi.o

.debug_line     0x00000000     0xaaee
 .debug_line    0x00000000      0x732 ./Core/Src/can.o
 .debug_line    0x00000732      0x6ce ./Core/Src/gpio.o
 .debug_line    0x00000e00      0x9a8 ./Core/Src/main.o
 .debug_line    0x000017a8      0x7ae ./Core/Src/neo.o
 .debug_line    0x00001f56      0x73d ./Core/Src/spi.o
 .debug_line    0x00002693      0x6c0 ./Core/Src/stm32l4xx_hal_msp.o
 .debug_line    0x00002d53      0x76f ./Core/Src/stm32l4xx_it.o
 .debug_line    0x000034c2      0x75e ./Core/Src/system_stm32l4xx.o
 .debug_line    0x00003c20       0x7a ./Core/Startup/startup_stm32l432kcux.o
 .debug_line    0x00003c9a      0xa2b ./Drivers/STM32L4xx_HAL_Driver/Src/stm32l4xx_hal.o
 .debug_line    0x000046c5     0x116d ./Drivers/STM32L4xx_HAL_Driver/Src/stm32l4xx_hal_can.o
 .debug_line    0x00005832      0xc61 ./Drivers/STM32L4xx_HAL_Driver/Src/stm32l4xx_hal_cortex.o
 .debug_line    0x00006493      0xa9d ./Drivers/STM32L4xx_HAL_Driver/Src/stm32l4xx_hal_gpio.o
 .debug_line    0x00006f30      0xbaf ./Drivers/STM32L4xx_HAL_Driver/Src/stm32l4xx_hal_pwr_ex.o
 .debug_line    0x00007adf     0x1069 ./Drivers/STM32L4xx_HAL_Driver/Src/stm32l4xx_hal_rcc.o
 .debug_line    0x00008b48     0x1fa6 ./Drivers/STM32L4xx_HAL_Driver/Src/stm32l4xx_hal_spi.o

.debug_str      0x00000000    0xbde82
 .debug_str     0x00000000    0xbde82 ./Core/Src/can.o
                              0xb84eb (size before relaxing)
 .debug_str     0x000bde82    0xb823d ./Core/Src/gpio.o
 .debug_str     0x000bde82    0xbbd1d ./Core/Src/main.o
 .debug_str     0x000bde82    0xb8128 ./Core/Src/neo.o
 .debug_str     0x000bde82    0xb8669 ./Core/Src/spi.o
 .debug_str     0x000bde82    0xb8172 ./Core/Src/stm32l4xx_hal_msp.o
 .debug_str     0x000bde82    0xb80a8 ./Core/Src/stm32l4xx_it.o
 .debug_str     0x000bde82    0xb8239 ./Core/Src/system_stm32l4xx.o
 .debug_str     0x000bde82       0x80 ./Core/Startup/startup_stm32l432kcux.o
 .debug_str     0x000bde82    0xb8bc6 ./Drivers/STM32L4xx_HAL_Driver/Src/stm32l4xx_hal.o
 .debug_str     0x000bde82    0xb88cc ./Drivers/STM32L4xx_HAL_Driver/Src/stm32l4xx_hal_can.o
 .debug_str     0x000bde82    0xb8999 ./Drivers/STM32L4xx_HAL_Driver/Src/stm32l4xx_hal_cortex.o
 .debug_str     0x000bde82    0xb83ad ./Drivers/STM32L4xx_HAL_Driver/Src/stm32l4xx_hal_gpio.o
 .debug_str     0x000bde82    0xb86e1 ./Drivers/STM32L4xx_HAL_Driver/Src/stm32l4xx_hal_pwr_ex.o
 .debug_str     0x000bde82    0xb8839 ./Drivers/STM32L4xx_HAL_Driver/Src/stm32l4xx_hal_rcc.o
 .debug_str     0x000bde82    0xb8a51 ./Drivers/STM32L4xx_HAL_Driver/Src/stm32l4xx_hal_spi.o

.comment        0x00000000       0x43
 .comment       0x00000000       0x43 ./Core/Src/can.o
                                 0x44 (size before relaxing)
 .comment       0x00000043       0x44 ./Core/Src/gpio.o
 .comment       0x00000043       0x44 ./Core/Src/main.o
 .comment       0x00000043       0x44 ./Core/Src/neo.o
 .comment       0x00000043       0x44 ./Core/Src/spi.o
 .comment       0x00000043       0x44 ./Core/Src/stm32l4xx_hal_msp.o
 .comment       0x00000043       0x44 ./Core/Src/stm32l4xx_it.o
 .comment       0x00000043       0x44 ./Core/Src/system_stm32l4xx.o
 .comment       0x00000043       0x44 ./Drivers/STM32L4xx_HAL_Driver/Src/stm32l4xx_hal.o
 .comment       0x00000043       0x44 ./Drivers/STM32L4xx_HAL_Driver/Src/stm32l4xx_hal_can.o
 .comment       0x00000043       0x44 ./Drivers/STM32L4xx_HAL_Driver/Src/stm32l4xx_hal_cortex.o
 .comment       0x00000043       0x44 ./Drivers/STM32L4xx_HAL_Driver/Src/stm32l4xx_hal_gpio.o
 .comment       0x00000043       0x44 ./Drivers/STM32L4xx_HAL_Driver/Src/stm32l4xx_hal_pwr_ex.o
 .comment       0x00000043       0x44 ./Drivers/STM32L4xx_HAL_Driver/Src/stm32l4xx_hal_rcc.o
 .comment       0x00000043       0x44 ./Drivers/STM32L4xx_HAL_Driver/Src/stm32l4xx_hal_spi.o

.debug_frame    0x00000000     0x23d4
 .debug_frame   0x00000000       0x74 ./Core/Src/can.o
 .debug_frame   0x00000074       0x34 ./Core/Src/gpio.o
 .debug_frame   0x000000a8       0xac ./Core/Src/main.o
 .debug_frame   0x00000154       0x5c ./Core/Src/neo.o
 .debug_frame   0x000001b0       0x74 ./Core/Src/spi.o
 .debug_frame   0x00000224       0x38 ./Core/Src/stm32l4xx_hal_msp.o
 .debug_frame   0x0000025c      0x104 ./Core/Src/stm32l4xx_it.o
 .debug_frame   0x00000360       0x58 ./Core/Src/system_stm32l4xx.o
 .debug_frame   0x000003b8      0x3dc ./Drivers/STM32L4xx_HAL_Driver/Src/stm32l4xx_hal.o
 .debug_frame   0x00000794      0x5a0 ./Drivers/STM32L4xx_HAL_Driver/Src/stm32l4xx_hal_can.o
 .debug_frame   0x00000d34      0x4e8 ./Drivers/STM32L4xx_HAL_Driver/Src/stm32l4xx_hal_cortex.o
 .debug_frame   0x0000121c      0x14c ./Drivers/STM32L4xx_HAL_Driver/Src/stm32l4xx_hal_gpio.o
 .debug_frame   0x00001368      0x4a4 ./Drivers/STM32L4xx_HAL_Driver/Src/stm32l4xx_hal_pwr_ex.o
 .debug_frame   0x0000180c      0x21c ./Drivers/STM32L4xx_HAL_Driver/Src/stm32l4xx_hal_rcc.o
 .debug_frame   0x00001a28      0x860 ./Drivers/STM32L4xx_HAL_Driver/Src/stm32l4xx_hal_spi.o
 .debug_frame   0x00002288       0x20 /Applications/STM32CubeIDE.app/Contents/Eclipse/plugins/com.st.stm32cube.ide.mcu.externaltools.gnu-tools-for-stm32.13.3.rel1.macos64_1.0.0.202411102158/tools/bin/../lib/gcc/arm-none-eabi/13.3.1/../../../../arm-none-eabi/lib/thumb/v7e-m+fp/hard/libc_nano.a(libc_a-memset.o)
 .debug_frame   0x000022a8       0x2c /Applications/STM32CubeIDE.app/Contents/Eclipse/plugins/com.st.stm32cube.ide.mcu.externaltools.gnu-tools-for-stm32.13.3.rel1.macos64_1.0.0.202411102158/tools/bin/../lib/gcc/arm-none-eabi/13.3.1/../../../../arm-none-eabi/lib/thumb/v7e-m+fp/hard/libc_nano.a(libc_a-init.o)
 .debug_frame   0x000022d4       0x30 /Applications/STM32CubeIDE.app/Contents/Eclipse/plugins/com.st.stm32cube.ide.mcu.externaltools.gnu-tools-for-stm32.13.3.rel1.macos64_1.0.0.202411102158/tools/bin/../lib/gcc/arm-none-eabi/13.3.1/thumb/v7e-m+fp/hard/libgcc.a(_arm_muldf3.o)
 .debug_frame   0x00002304       0xac /Applications/STM32CubeIDE.app/Contents/Eclipse/plugins/com.st.stm32cube.ide.mcu.externaltools.gnu-tools-for-stm32.13.3.rel1.macos64_1.0.0.202411102158/tools/bin/../lib/gcc/arm-none-eabi/13.3.1/thumb/v7e-m+fp/hard/libgcc.a(_arm_addsubdf3.o)
 .debug_frame   0x000023b0       0x24 /Applications/STM32CubeIDE.app/Contents/Eclipse/plugins/com.st.stm32cube.ide.mcu.externaltools.gnu-tools-for-stm32.13.3.rel1.macos64_1.0.0.202411102158/tools/bin/../lib/gcc/arm-none-eabi/13.3.1/thumb/v7e-m+fp/hard/libgcc.a(_arm_truncdfsf2.o)

.debug_line_str
                0x00000000       0x64
 .debug_line_str
                0x00000000       0x64 ./Core/Startup/startup_stm32l432kcux.o
